#-----------------------------------------------------------
# xsim v2023.2 (64-bit)
# SW Build 4029153 on Fri Oct 13 20:13:54 MDT 2023
# IP Build 4028589 on Sat Oct 14 00:45:43 MDT 2023
# SharedData Build 4025554 on Tue Oct 10 17:18:54 MDT 2023
# Start of session at: Thu Jun 13 15:36:12 2024
# Process ID: 17090
# Current directory: /home/artti/Desktop/finn_fpga/finn_chiplet_projects/finn_chiplet_v2.0/feeder/finn_feeder_chiplet/finn_feeder_chiplet/solution1/sim/vhdl
# Command line: xsim -mode tcl -source {xsim.dir/finn_feeder_chiplet/xsim_script.tcl}
# Log file: /home/artti/Desktop/finn_fpga/finn_chiplet_projects/finn_chiplet_v2.0/feeder/finn_feeder_chiplet/finn_feeder_chiplet/solution1/sim/vhdl/xsim.log
# Journal file: /home/artti/Desktop/finn_fpga/finn_chiplet_projects/finn_chiplet_v2.0/feeder/finn_feeder_chiplet/finn_feeder_chiplet/solution1/sim/vhdl/xsim.jou
# Running On: artti-desktop, OS: Linux, CPU Frequency: 3899.042 MHz, CPU Physical cores: 6, Host memory: 16689 MB
#-----------------------------------------------------------
source xsim.dir/finn_feeder_chiplet/xsim_script.tcl
source finn_feeder_chiplet.tcl
